Renesas Optimizing Linker (W2.05.00 )             11-Oct-2020 20:29:43

*** Options ***

-subcommand=DefaultBuild\autocar_cntr_rx220.clnk
-library=DefaultBuild\autocar_cntr_rx220.lib
-input=DefaultBuild\autocar_cntr_rx220.obj
-input=DefaultBuild\dbsct.obj
-input=DefaultBuild\intprg.obj
-input=DefaultBuild\resetprg.obj
-input=DefaultBuild\sbrk.obj
-input=DefaultBuild\vecttbl.obj
-input=DefaultBuild\hwsetup.obj
-input=DefaultBuild\api_init.obj
-input=DefaultBuild\excep.obj
-noprelink
-output=DefaultBuild\autocar_cntr_rx220.abs
-list=DefaultBuild\autocar_cntr_rx220.map
-nooptimize
-start=B_1,R_1,B_2,R_2,B,R,SU,SI/04,PResetPRG/0FFFC0000,C_1,C_2,C,C$DSEC,C$BSEC,C$INIT,C$VTBL,C$VECT,D_1,D_2,D,P,PIntPRG,W_1,W_2,W,L/0FFFC0100,FIXEDVECT/0FFFFFFD0
-rom=D=R,D_1=R_1,D_2=R_2
-nologo
-end

*** Error information ***

*** Mapping List ***

SECTION                            START      END         SIZE   ALIGN

B_1
                                  00000004  0000000c         9   1
R_1
                                  0000000d  00000015         9   1
B_2
                                  00000016  00000027        12   2
R_2
                                  00000028  0000003f        18   2
B
                                  00000040  0000046f       430   4
R
                                  00000470  000004db        6c   4
SU
                                  000004dc  000005db       100   4
SI
                                  000005dc  000008db       300   4
PResetPRG
                                  fffc0000  fffc0029        2a   1
C_1
                                  fffc0100  fffc0100         0   1
C_2
                                  fffc0100  fffc0100         0   1
C
                                  fffc0100  fffc0133        34   4
C$DSEC
                                  fffc0134  fffc0157        24   4
C$BSEC
                                  fffc0158  fffc016f        18   4
C$INIT
                                  fffc0170  fffc0170         0   1
C$VTBL
                                  fffc0170  fffc0170         0   1
C$VECT
                                  fffc0170  fffc056f       400   4
D_1
                                  fffc0570  fffc0578         9   1
D_2
                                  fffc057a  fffc0591        18   2
D
                                  fffc0594  fffc05ff        6c   4
P
                                  fffc0600  fffc1d90      1791   1
PIntPRG
                                  fffc1d91  fffc1e6c        dc   1
W_1
                                  fffc1e6d  fffc1e92        26   1
W_2
                                  fffc1e94  fffc1e94         0   2
W
                                  fffc1e94  fffc1e94         0   4
L
                                  fffc1e94  fffc1e94         0   1
$ADDR_C_FFFFFF80
                                  ffffff80  ffffff83         4   1
$ADDR_C_FFFFFFA0
                                  ffffffa0  ffffffaf        10   1
FIXEDVECT
                                  ffffffd0  ffffffff        30   4
