Renesas Optimizing Linker (W2.05.00 )             06-Jun-2022 02:50:04

*** Options ***

-subcommand=DefaultBuild\autocar_cntr_master_rx220.clnk
-library=DefaultBuild\autocar_cntr_master_rx220.lib
-input=DefaultBuild\dbsct.obj
-input=DefaultBuild\intprg.obj
-input=DefaultBuild\resetprg.obj
-input=DefaultBuild\sbrk.obj
-input=DefaultBuild\vecttbl.obj
-input=DefaultBuild\hwsetup.obj
-input=DefaultBuild\api_init.obj
-input=DefaultBuild\excep.obj
-input=DefaultBuild\autocar_cntr_master_rx220.obj
-noprelink
-output=DefaultBuild\autocar_cntr_master_rx220.abs
-list=DefaultBuild\autocar_cntr_master_rx220.map
-nooptimize
-start=B_1,R_1,B_2,R_2,B,R,SU,SI/04,PResetPRG/0FFFC0000,C_1,C_2,C,C$DSEC,C$BSEC,C$INIT,C$VTBL,C$VECT,D_1,D_2,D,P,PIntPRG,W_1,W_2,W,L/0FFFC0100,FIXEDVECT/0FFFFFFD0
-rom=D=R,D_1=R_1,D_2=R_2
-nologo
-end

*** Error information ***

*** Mapping List ***

SECTION                            START      END         SIZE   ALIGN

B_1
                                  00000004  00000010         d   1
R_1
                                  00000011  00000016         6   1
B_2
                                  00000018  0000001f         8   2
R_2
                                  00000020  00000041        22   2
B
                                  00000044  00000443       400   4
R
                                  00000444  00000447         4   4
SU
                                  00000448  00000547       100   4
SI
                                  00000548  00000847       300   4
PResetPRG
                                  fffc0000  fffc0029        2a   1
C_1
                                  fffc0100  fffc0100         0   1
C_2
                                  fffc0100  fffc0100         0   1
C
                                  fffc0100  fffc0133        34   4
C$DSEC
                                  fffc0134  fffc0157        24   4
C$BSEC
                                  fffc0158  fffc016f        18   4
C$INIT
                                  fffc0170  fffc0170         0   1
C$VTBL
                                  fffc0170  fffc0170         0   1
C$VECT
                                  fffc0170  fffc056f       400   4
D_1
                                  fffc0570  fffc0575         6   1
D_2
                                  fffc0576  fffc0597        22   2
D
                                  fffc0598  fffc059b         4   4
P
                                  fffc059c  fffc0fab       a10   1
PIntPRG
                                  fffc0fac  fffc1079        ce   1
W_1
                                  fffc107a  fffc10c7        4e   1
W_2
                                  fffc10c8  fffc10c8         0   2
W
                                  fffc10c8  fffc10c8         0   4
L
                                  fffc10c8  fffc10c8         0   1
$ADDR_C_FFFFFF80
                                  ffffff80  ffffff83         4   1
$ADDR_C_FFFFFFA0
                                  ffffffa0  ffffffaf        10   1
FIXEDVECT
                                  ffffffd0  ffffffff        30   4
