Renesas Optimizing Linker (W2.05.00 )             24-Aug-2020 14:07:23

*** Options ***

-subcommand=DefaultBuild\autocar_cont_rx210.clnk
-library=DefaultBuild\autocar_cont_rx210.lib
-input=DefaultBuild\dbsct.obj
-input=DefaultBuild\intprg.obj
-input=DefaultBuild\resetprg.obj
-input=DefaultBuild\sbrk.obj
-input=DefaultBuild\vecttbl.obj
-input=DefaultBuild\autocar_cont_rx210.obj
-noprelink
-output=DefaultBuild\autocar_cont_rx210.abs
-list=DefaultBuild\autocar_cont_rx210.map
-nooptimize
-start=B_1,R_1,B_2,R_2,B,R,SU,SI/04,PResetPRG/0FFF80000,C_1,C_2,C,C$DSEC,C$BSEC,C$INIT,C$VTBL,C$VECT,D_1,D_2,D,P,PIntPRG,W_1,W_2,W,L/0FFF80100,FIXEDVECT/0FFFFFFD0
-rom=D=R,D_1=R_1,D_2=R_2
-nologo
-end

*** Error information ***

*** Mapping List ***

SECTION                            START      END         SIZE   ALIGN

B_1
                                  00000004  00000005         2   1
R_1
                                  00000006  00000006         0   1
B_2
                                  00000006  00000013         e   2
R_2
                                  00000014  00000014         0   1
B
                                  00000014  00000413       400   4
R
                                  00000414  00000417         4   4
SU
                                  00000418  00000517       100   4
SI
                                  00000518  00000817       300   4
PResetPRG
                                  fff80000  fff80029        2a   1
C_1
                                  fff80100  fff80100         0   1
C_2
                                  fff80100  fff80100         0   1
C
                                  fff80100  fff80133        34   4
C$DSEC
                                  fff80134  fff80157        24   4
C$BSEC
                                  fff80158  fff8016f        18   4
C$INIT
                                  fff80170  fff80170         0   1
C$VTBL
                                  fff80170  fff80170         0   1
C$VECT
                                  fff80170  fff8056f       400   4
D_1
                                  fff80570  fff80570         0   1
D_2
                                  fff80570  fff80570         0   1
D
                                  fff80570  fff80573         4   4
P
                                  fff80574  fff808ec       379   1
PIntPRG
                                  fff808ed  fff80a2e       142   1
W_1
                                  fff80a2f  fff80a2f         0   1
W_2
                                  fff80a2f  fff80a2f         0   1
W
                                  fff80a2f  fff80a2f         0   1
L
                                  fff80a2f  fff80a2f         0   1
$ADDR_C_FFFFFF80
                                  ffffff80  ffffff83         4   1
$ADDR_C_FFFFFFA0
                                  ffffffa0  ffffffaf        10   1
FIXEDVECT
                                  ffffffd0  ffffffff        30   4
