Renesas Optimizing Linker (W2.05.00 )             26-Jun-2023 00:38:37

*** Options ***

-subcommand=DefaultBuild\autocar_cntr_rx220_03a.clnk
-library=DefaultBuild\autocar_cntr_rx220_03a.lib
-input=DefaultBuild\dbsct.obj
-input=DefaultBuild\intprg.obj
-input=DefaultBuild\resetprg.obj
-input=DefaultBuild\sbrk.obj
-input=DefaultBuild\vecttbl.obj
-input=DefaultBuild\hwsetup.obj
-input=DefaultBuild\api_init.obj
-input=DefaultBuild\excep.obj
-input=DefaultBuild\autocar_cntr_rx220_03a.obj
-input=DefaultBuild\current.obj
-input=DefaultBuild\mtcnt.obj
-input=DefaultBuild\scicnt.obj
-input=DefaultBuild\mtsensor.obj
-input=DefaultBuild\rspicnt.obj
-noprelink
-output=DefaultBuild\autocar_cntr_rx220_03a.abs
-list=DefaultBuild\autocar_cntr_rx220_03a.map
-nooptimize
-start=B_1,R_1,B_2,R_2,B,R,SU,SI/04,PResetPRG/0FFFC0000,C_1,C_2,C,C$DSEC,C$BSEC,C$INIT,C$VTBL,C$VECT,D_1,D_2,D,P,PIntPRG,W_1,W_2,W,L/0FFFC0100,FIXEDVECT/0FFFFFFD0
-rom=D=R,D_1=R_1,D_2=R_2
-nologo
-end

*** Error information ***

*** Mapping List ***

SECTION                            START      END         SIZE   ALIGN

B_1
                                  00000004  00000017        14   1
R_1
                                  00000018  0000001d         6   1
B_2
                                  0000001e  00000029         c   2
R_2
                                  0000002a  0000004f        26   2
B
                                  00000050  000004df       490   4
R
                                  000004e0  0000051f        40   4
SU
                                  00000520  0000061f       100   4
SI
                                  00000620  0000091f       300   4
PResetPRG
                                  fffc0000  fffc0029        2a   1
C_1
                                  fffc0100  fffc0100         0   1
C_2
                                  fffc0100  fffc0100         0   1
C
                                  fffc0100  fffc0133        34   4
C$DSEC
                                  fffc0134  fffc0157        24   4
C$BSEC
                                  fffc0158  fffc016f        18   4
C$INIT
                                  fffc0170  fffc0170         0   1
C$VTBL
                                  fffc0170  fffc0170         0   1
C$VECT
                                  fffc0170  fffc056f       400   4
D_1
                                  fffc0570  fffc0575         6   1
D_2
                                  fffc0576  fffc059b        26   2
D
                                  fffc059c  fffc05db        40   4
P
                                  fffc05dc  fffc25cc      1ff1   1
PIntPRG
                                  fffc25cd  fffc26b2        e6   1
W_1
                                  fffc26b3  fffc26c0         e   1
W_2
                                  fffc26c2  fffc26d3        12   2
W
                                  fffc26d4  fffc26d4         0   4
L
                                  fffc26d4  fffc26d4         0   1
$ADDR_C_FFFFFF80
                                  ffffff80  ffffff83         4   1
$ADDR_C_FFFFFFA0
                                  ffffffa0  ffffffaf        10   1
FIXEDVECT
                                  ffffffd0  ffffffff        30   4
