Renesas Optimizing Linker (W3.05.00 )             12-Jun-2023 22:40:57

*** Options ***

-subcommand=DefaultBuild\autocar_cntr_rx220_03a.clnk
-library=DefaultBuild\autocar_cntr_rx220_03a.lib
-input=DefaultBuild\dbsct.obj
-input=DefaultBuild\intprg.obj
-input=DefaultBuild\resetprg.obj
-input=DefaultBuild\sbrk.obj
-input=DefaultBuild\vecttbl.obj
-input=DefaultBuild\hwsetup.obj
-input=DefaultBuild\api_init.obj
-input=DefaultBuild\excep.obj
-input=DefaultBuild\autocar_cntr_rx220_03a.obj
-input=DefaultBuild\current.obj
-input=DefaultBuild\mtcnt.obj
-input=DefaultBuild\scicnt.obj
-input=DefaultBuild\mtsensor.obj
-input=DefaultBuild\rspicnt.obj
-noprelink
-output=DefaultBuild\autocar_cntr_rx220_03a.abs
-list=DefaultBuild\autocar_cntr_rx220_03a.map
-nooptimize
-start=B_1,R_1,B_2,R_2,B,R,SU,SI/04,PResetPRG/0FFFC0000,C_1,C_2,C,C$DSEC,C$BSEC,C$INIT,C$VTBL,C$VECT,D_1,D_2,D,P,PIntPRG,W_1,W_2,W,L/0FFFC0100,FIXEDVECT/0FFFFFFD0
-rom=D=R,D_1=R_1,D_2=R_2
-nologo
-end

*** Error information ***

*** Mapping List ***

SECTION                            START      END         SIZE   ALIGN
B_1
                                  00000004  00000016        13   1
R_1
                                  00000017  0000001e         8   1
B_2
                                  00000020  0000002b         c   2
R_2
                                  0000002c  00000037         c   2
B
                                  00000038  000004c3       48c   4
R
                                  000004c4  000004ff        3c   4
SU
                                  00000500  000005ff       100   4
SI
                                  00000600  000008ff       300   4
PResetPRG
                                  fffc0000  fffc0029        2a   1
C_1
                                  fffc0100  fffc0100         0   1
C_2
                                  fffc0100  fffc0100         0   1
C
                                  fffc0100  fffc0133        34   4
C$DSEC
                                  fffc0134  fffc0157        24   4
C$BSEC
                                  fffc0158  fffc016f        18   4
C$INIT
                                  fffc0170  fffc0170         0   1
C$VTBL
                                  fffc0170  fffc0170         0   1
C$VECT
                                  fffc0170  fffc056f       400   4
D_1
                                  fffc0570  fffc0577         8   1
D_2
                                  fffc0578  fffc0583         c   2
D
                                  fffc0584  fffc05bf        3c   4
P
                                  fffc05c0  fffc2281      1cc2   1
PIntPRG
                                  fffc2282  fffc2367        e6   1
W_1
                                  fffc2368  fffc2371         a   1
W_2
                                  fffc2372  fffc2372         0   2
W
                                  fffc2374  fffc2374         0   4
L
                                  fffc2374  fffc2374         0   1
$ADDR_C_FFFFFF80
                                  ffffff80  ffffff83         4   1
$ADDR_C_FFFFFFA0
                                  ffffffa0  ffffffaf        10   1
FIXEDVECT
                                  ffffffd0  ffffffff        30   4
