Renesas Optimizing Linker (W3.05.00 )             03-Jan-2024 14:10:25

*** Options ***

-subcommand=DefaultBuild\autocar_cntr_rx220_03a.clnk
-library=DefaultBuild\autocar_cntr_rx220_03a.lib
-input=DefaultBuild\dbsct.obj
-input=DefaultBuild\intprg.obj
-input=DefaultBuild\resetprg.obj
-input=DefaultBuild\sbrk.obj
-input=DefaultBuild\vecttbl.obj
-input=DefaultBuild\hwsetup.obj
-input=DefaultBuild\api_init.obj
-input=DefaultBuild\excep.obj
-input=DefaultBuild\autocar_cntr_rx220_03a.obj
-input=DefaultBuild\current.obj
-input=DefaultBuild\mtcnt.obj
-input=DefaultBuild\scicnt.obj
-input=DefaultBuild\mtsensor.obj
-input=DefaultBuild\rspicnt.obj
-noprelink
-output=DefaultBuild\autocar_cntr_rx220_03a.abs
-list=DefaultBuild\autocar_cntr_rx220_03a.map
-nooptimize
-start=B_1,R_1,B_2,R_2,B,R,SU,SI/04,PResetPRG/0FFFC0000,C_1,C_2,C,C$DSEC,C$BSEC,C$INIT,C$VTBL,C$VECT,D_1,D_2,D,P,PIntPRG,W_1,W_2,W,L/0FFFC0100,FIXEDVECT/0FFFFFFD0
-rom=D=R,D_1=R_1,D_2=R_2
-nologo
-end

*** Error information ***

*** Mapping List ***

SECTION                            START      END         SIZE   ALIGN
B_1
                                  00000004  00000012         f   1
R_1
                                  00000013  00000014         2   1
B_2
                                  00000016  0000001d         8   2
R_2
                                  0000001e  00000043        26   2
B
                                  00000044  000004c7       484   4
R
                                  000004c8  00000507        40   4
SU
                                  00000508  00000607       100   4
SI
                                  00000608  00000907       300   4
PResetPRG
                                  fffc0000  fffc0029        2a   1
C_1
                                  fffc0100  fffc0100         0   1
C_2
                                  fffc0100  fffc0100         0   1
C
                                  fffc0100  fffc0133        34   4
C$DSEC
                                  fffc0134  fffc0157        24   4
C$BSEC
                                  fffc0158  fffc016f        18   4
C$INIT
                                  fffc0170  fffc0170         0   1
C$VTBL
                                  fffc0170  fffc0170         0   1
C$VECT
                                  fffc0170  fffc056f       400   4
D_1
                                  fffc0570  fffc0571         2   1
D_2
                                  fffc0572  fffc0597        26   2
D
                                  fffc0598  fffc05d7        40   4
P
                                  fffc05d8  fffc25a9      1fd2   1
PIntPRG
                                  fffc25aa  fffc268f        e6   1
W_1
                                  fffc2690  fffc269d         e   1
W_2
                                  fffc269e  fffc26af        12   2
W
                                  fffc26b0  fffc26b0         0   4
L
                                  fffc26b0  fffc26b0         0   1
$ADDR_C_FFFFFF80
                                  ffffff80  ffffff83         4   1
$ADDR_C_FFFFFFA0
                                  ffffffa0  ffffffaf        10   1
FIXEDVECT
                                  ffffffd0  ffffffff        30   4
